// Jest Snapshot v1, https://goo.gl/fbAQLP

exports[`Search Should match the snapshot 1`] = `
<form>
  <input
    placeholder="Search..."
    type="text"
  />
  <p>
    <input
      type="checkbox"
    />
    Only show products in stock
  </p>
</form>
`;
